{
  "Success": false,
  "ErrorCount": 8,
  "WarningCount": 0,
  "Errors": [
    {
      "Message": "Assets\\Editor\\UpdateUIToCustomTimer.cs(105,12): error CS1061: 'TimerManager' does not contain a definition for 'mainButton' and no accessible extension method 'mainButton' accepting a first argument of type 'TimerManager' could be found (are you missing a using directive or an assembly reference?)",
      "File": "Assets\\Editor\\UpdateUIToCustomTimer.cs",
      "Line": 105
    },
    {
      "Message": "Assets\\Editor\\UpdateUIToCustomTimer.cs(106,12): error CS1061: 'TimerManager' does not contain a definition for 'mainButtonText' and no accessible extension method 'mainButtonText' accepting a first argument of type 'TimerManager' could be found (are you missing a using directive or an assembly reference?)",
      "File": "Assets\\Editor\\UpdateUIToCustomTimer.cs",
      "Line": 106
    },
    {
      "Message": "Assets\\Editor\\UpdateUIToMockup2.cs(22,9): error CS0103: The name 'DestroyImmediate' does not exist in the current context",
      "File": "Assets\\Editor\\UpdateUIToMockup2.cs",
      "Line": 22
    },
    {
      "Message": "Assets\\Editor\\UpdateUIToMockup2.cs(23,9): error CS0103: The name 'DestroyImmediate' does not exist in the current context",
      "File": "Assets\\Editor\\UpdateUIToMockup2.cs",
      "Line": 23
    },
    {
      "Message": "Assets\\Editor\\UpdateUIToMockup2.cs(24,9): error CS0103: The name 'DestroyImmediate' does not exist in the current context",
      "File": "Assets\\Editor\\UpdateUIToMockup2.cs",
      "Line": 24
    },
    {
      "Message": "Assets\\Editor\\UpdateUIToMockup2.cs(25,9): error CS0103: The name 'DestroyImmediate' does not exist in the current context",
      "File": "Assets\\Editor\\UpdateUIToMockup2.cs",
      "Line": 25
    },
    {
      "Message": "Assets\\Editor\\UpdateUIToMockup2.cs(26,9): error CS0103: The name 'DestroyImmediate' does not exist in the current context",
      "File": "Assets\\Editor\\UpdateUIToMockup2.cs",
      "Line": 26
    },
    {
      "Message": "Assets\\Editor\\UpdateUIToMockup2.cs(27,9): error CS0103: The name 'DestroyImmediate' does not exist in the current context",
      "File": "Assets\\Editor\\UpdateUIToMockup2.cs",
      "Line": 27
    }
  ],
  "Warnings": [],
  "Message": null,
  "Ver": "0.69.6"
}
